
> health-recorder@1.0.0 build
> vite build

[36mvite v5.4.21 [32mbuilding for production...[36m[39m
transforming...
[32mΓ£ô[39m 78 modules transformed.
rendering chunks...
computing gzip size...
[2mdist/[22m[32mlogin2.html                      [39m[1m[2m  6.11 kB[22m[1m[22m[2m Γöé gzip:  1.56 kB[22m
[2mdist/[22m[32mregister3.html                   [39m[1m[2m  7.53 kB[22m[1m[22m[2m Γöé gzip:  1.41 kB[22m
[2mdist/[22m[32mindex.html                       [39m[1m[2m  7.84 kB[22m[1m[22m[2m Γöé gzip:  1.88 kB[22m
[2mdist/[22m[32mdashboard4.html                  [39m[1m[2m 10.45 kB[22m[1m[22m[2m Γöé gzip:  1.95 kB[22m
[2mdist/[22m[32mprofile.html                     [39m[1m[2m 17.22 kB[22m[1m[22m[2m Γöé gzip:  2.51 kB[22m
[2mdist/[22m[32madd-reports.html                 [39m[1m[2m 17.66 kB[22m[1m[22m[2m Γöé gzip:  2.86 kB[22m
[2mdist/[22m[32mview_reports.html                [39m[1m[2m 24.10 kB[22m[1m[22m[2m Γöé gzip:  3.01 kB[22m
[2mdist/[22m[35massets/style-B5BVnoo1.css        [39m[1m[2m  8.55 kB[22m[1m[22m[2m Γöé gzip:  2.42 kB[22m
[2mdist/[22m[36massets/style-BKIHcRfn.js         [39m[1m[2m  0.71 kB[22m[1m[22m[2m Γöé gzip:  0.40 kB[22m
[2mdist/[22m[36massets/login-J0lVyyFf.js         [39m[1m[2m  0.99 kB[22m[1m[22m[2m Γöé gzip:  0.44 kB[22m
[2mdist/[22m[36massets/register-BxMKams-.js      [39m[1m[2m  1.00 kB[22m[1m[22m[2m Γöé gzip:  0.53 kB[22m
[2mdist/[22m[36massets/dashboard-CJe_hLCC.js     [39m[1m[2m  2.80 kB[22m[1m[22m[2m Γöé gzip:  1.14 kB[22m
[2mdist/[22m[36massets/add_reports-CU6wavmL.js   [39m[1m[2m  6.25 kB[22m[1m[22m[2m Γöé gzip:  2.30 kB[22m
[2mdist/[22m[36massets/profile-22F56_as.js       [39m[1m[2m  7.76 kB[22m[1m[22m[2m Γöé gzip:  2.55 kB[22m
[2mdist/[22m[36massets/view_reports-WtYY7Oiw.js  [39m[1m[2m 10.04 kB[22m[1m[22m[2m Γöé gzip:  2.86 kB[22m
[2mdist/[22m[36massets/utils-6yE7sU3s.js         [39m[1m[2m197.02 kB[22m[1m[22m[2m Γöé gzip: 52.26 kB[22m
[2mdist/[22m[36massets/main-Dw_zBZiG.js          [39m[1m[2m280.54 kB[22m[1m[22m[2m Γöé gzip: 67.62 kB[22m
[32mΓ£ô built in 15.25s[39m
